// Jest Snapshot v1, https://goo.gl/fbAQLP

exports[`actions should clickColumn should succeed when almost full 1`] = `[Function]`;

exports[`actions should clickColumn should succeed when empty 1`] = `undefined`;

exports[`actions should createBoard should create new board 1`] = `
Object {
  "payload": Object {
    "board": Array [
      Array [
        "",
        "",
        "",
        "",
        "",
        "",
      ],
      Array [
        "",
        "",
        "",
        "",
        "",
        "",
      ],
      Array [
        "",
        "",
        "",
        "",
        "",
        "",
      ],
      Array [
        "",
        "",
        "",
        "",
        "",
        "",
      ],
      Array [
        "",
        "",
        "",
        "",
        "",
        "",
      ],
      Array [
        "",
        "",
        "",
        "",
        "",
        "",
      ],
      Array [
        "",
        "",
        "",
        "",
        "",
        "",
      ],
    ],
    "gameIsWon": false,
    "gameKey": "",
    "player1": "",
    "player1IsNext": true,
    "player2": "",
  },
  "type": "CREATE_BOARD",
}
`;
