// Jest Snapshot v1, https://goo.gl/fbAQLP

exports[`actions should resetBoard should succeed 1`] = `
Object {
  "payload": Object {
    "board": Array [
      null,
      null,
      null,
      null,
      null,
      null,
      null,
      null,
      null,
    ],
    "xIsTrue": true,
  },
  "type": "RESET_BOARD",
}
`;
